gate A: PASS ({'passed': 24, 'failed': 0, 'error': 0, 'skipped': 0}, total=24/24) -> gate_a_result.json
gate B: PASS ({'passed': 7, 'failed': 0, 'error': 0, 'skipped': 0}, total=7/7) -> gate_b_result.json
gate C: PASS ({'passed': 2, 'failed': 0, 'error': 0, 'skipped': 0}, total=2/2) -> gate_c_result.json
gate D: PASS ({'passed': 5, 'failed': 0, 'error': 0, 'skipped': 0}, total=5/5) -> gate_d_result.json
{
  "task_id": "C15-RCC-RES-A-RERUN-004-CORRECTIVE-003-OPERATOR-PREP",
  "status": "PASS",
  "gates": {
    "A": {
      "status": "PASS",
      "result_file": "gate_a_result.json",
      "result_sha256": "738dd0be1b859599c5bc41e43f02357ee1a5658a813d86d790c148e5219a6061"
    },
    "B": {
      "status": "PASS",
      "result_file": "gate_b_result.json",
      "result_sha256": "2d81dbbffb81a51db4f3eae4a55425bf128c614a9d7e48f1cb8e682f8f188325"
    },
    "C": {
      "status": "PASS",
      "result_file": "gate_c_result.json",
      "result_sha256": "eea7c1b278315f40ca52313a207dfb03cb5a0f33c87d4e23f4b1d5e3923c7dba"
    },
    "D": {
      "status": "PASS",
      "result_file": "gate_d_result.json",
      "result_sha256": "d5b510934671627d00ab750c1f4cfb97e5523b0116f1431f6b645496fb0fb89c"
    }
  },
  "environment": {
    "python_version": "3.12.14",
    "python_version_info": [
      3,
      12,
      14
    ],
    "pydantic_version": "2.13.5",
    "pytest_version": "8.4.2",
    "sqlite_version": "3.45.1",
    "executable": "/tmp/aios-c15-op-prep-corrective-clean-20260928-final/runtime/3.12.14/venv/bin/python"
  },
  "generated_utc": "2026-09-28T20:28:28.443033+00:00"
}
