RESIDENT_SAFE_LAUNCH_PACKET.json: OK
bootstrap/PYTHON_WHEEL_LOCK.json: OK
bootstrap/bootstrap_runtime.sh: OK
bootstrap/wheel_lock.py: OK
evidence/FREEZE_MANIFEST.json: OK
evidence/clean_bootstrap_build.exit_code: OK
evidence/clean_bootstrap_build.log: OK
evidence/clean_bootstrap_build_attempt_001.exit_code: OK
evidence/clean_bootstrap_build_attempt_001_syntax_blocked.log: OK
evidence/clean_bootstrap_manifest.json: OK
evidence/clean_bootstrap_verify.exit_code: OK
evidence/clean_bootstrap_verify.log: OK
evidence/corrective_candidate_green.exit_code: OK
evidence/corrective_candidate_green.json: OK
evidence/corrective_candidate_green.raw.txt: OK
evidence/corrective_candidate_green_h1_exact.json: OK
evidence/corrective_candidate_green_h1_exact.raw.txt: OK
evidence/corrective_candidate_green_pre_h1b.exit_code: OK
evidence/corrective_candidate_green_pre_h1b.json: OK
evidence/corrective_candidate_green_pre_h1b.raw.txt: OK
evidence/corrective_candidate_green_precommit.json: OK
evidence/corrective_candidate_green_precommit.raw.txt: OK
evidence/corrective_candidate_identity.json: OK
evidence/corrective_candidate_identity_h1.json: OK
evidence/environment_probe.json: OK
evidence/environment_record.json: OK
evidence/freeze_manifest_generation.log: OK
evidence/gate_runner_final.exit_code: OK
evidence/gate_runner_final.log: OK
evidence/gate_runner_final2.exit_code: OK
evidence/gate_runner_final2.log: OK
evidence/gate_runner_preprobe.exit_code: OK
evidence/gate_runner_preprobe.log: OK
evidence/gates/gate_a_raw.txt: OK
evidence/gates/gate_a_result.json: OK
evidence/gates/gate_a_tests.txt: OK
evidence/gates/gate_b_raw.txt: OK
evidence/gates/gate_b_result.json: OK
evidence/gates/gate_b_tests.txt: OK
evidence/gates/gate_c_raw.txt: OK
evidence/gates/gate_c_result.json: OK
evidence/gates/gate_c_tests.txt: OK
evidence/gates/gate_d_raw.txt: OK
evidence/gates/gate_d_result.json: OK
evidence/gates/gate_d_tests.txt: OK
evidence/gates/gate_summary.json: OK
evidence/gates/preflight.json: OK
evidence/gates/test_evidence/gate_b/capability_result_surface.json: OK
evidence/gates/test_evidence/gate_b/runtime_snapshot_signature.json: OK
evidence/gates/test_evidence/gate_c/exchange_ledger.jsonl: OK
evidence/gates/test_evidence/gate_c/round_requests.json: OK
evidence/gates/test_evidence/gate_c/turn_result.json: OK
evidence/gates/test_evidence/gate_d/no_semantic_scan_report.json: OK
evidence/gates/test_evidence/gate_d/no_semantic_scan_report.txt: OK
evidence/harness_manifest.json: OK
evidence/harness_manifest_generation.log: OK
evidence/harness_manifest_generation_final.log: OK
evidence/installed_distributions.lock.txt: OK
evidence/launch_packet_build.log: OK
evidence/launch_packet_build_final.log: OK
evidence/packet_audit_run.exit_code: OK
evidence/packet_audit_run.log: OK
evidence/packet_audit_run_final.exit_code: OK
evidence/packet_audit_run_final.log: OK
evidence/rc_identity.json: OK
evidence/resident_safe_packet_audit.json: OK
evidence/sha256sums_generation.log: FAILED
evidence/wheel_lock_verification.json: OK
evidence/wheelhouse_SHA256SUMS: OK
harness/aios_exchange/__init__.py: OK
harness/aios_exchange/atomic.py: OK
harness/aios_exchange/bridge.py: OK
harness/aios_exchange/canonical.py: OK
harness/aios_exchange/ledger.py: OK
harness/aios_exchange/requests.py: OK
harness/aios_exchange/responses.py: OK
harness/aios_exchange/runner.py: OK
harness/aios_exchange/schema.py: OK
harness/aios_exchange/verify.py: OK
harness/operator_tools/__init__.py: OK
harness/operator_tools/build_launch_packet.py: OK
harness/operator_tools/freeze.py: OK
harness/operator_tools/gate_runner.py: OK
harness/operator_tools/no_semantic_scan.py: OK
harness/operator_tools/packet_audit.py: OK
harness/operator_tools/rc_identity.py: OK
harness/tests/_crash_worker.py: OK
harness/tests/conftest.py: OK
harness/tests/synthetic/__init__.py: OK
harness/tests/synthetic/deterministic_resident.py: OK
harness/tests/synthetic/gate_env.py: OK
harness/tests/test_gate_a_durable_exchange.py: OK
harness/tests/test_gate_b_frozen_core_contract.py: OK
harness/tests/test_gate_c_two_round_integration.py: OK
harness/tests/test_gate_d_no_semantic_script.py: OK
