============================= test session starts ==============================
platform linux -- Python 3.11.2, pytest-8.4.2, pluggy-1.6.0 -- /usr/bin/python3
cachedir: .pytest_cache
rootdir: /home/user/Haneof-AIOS-Core-v3.0
configfile: pyproject.toml
collecting ... collected 356 items

tests/unit/test_observation.py::test_o01_schema_contract PASSED          [  0%]
tests/unit/test_observation.py::test_o02_heart_rate_observation PASSED   [  0%]
tests/unit/test_observation.py::test_o03_gps_observation PASSED          [  0%]
tests/unit/test_observation.py::test_o04_conversation_text_observation PASSED [  1%]
tests/unit/test_observation.py::test_o05_app_answer_observation PASSED   [  1%]
tests/unit/test_observation.py::test_o06_forbid_event_type_extra PASSED  [  1%]
tests/unit/test_observation.py::test_o07_semantic_extra_fields_forbidden PASSED [  1%]
tests/unit/test_observation.py::test_o08_object_type_immutable PASSED    [  2%]
tests/unit/test_observation.py::test_o09_unified_timeline_multi_source PASSED [  2%]
tests/unit/test_observation.py::test_o10_observation_does_not_wake PASSED [  2%]
tests/unit/test_observation.py::test_o11_raw_locator_round_trip PASSED   [  3%]
tests/unit/test_observation.py::test_o12_no_derived_world_objects PASSED [  3%]
tests/unit/test_observation.py::test_o13_helper_must_not_mask_illegal_time PASSED [  3%]
tests/unit/test_store.py::test_append_only_revision_and_world_revision PASSED [  3%]
tests/unit/test_store.py::test_version_conflict_blocks_write PASSED      [  4%]
tests/unit/test_store.py::test_idempotency_replay_does_not_advance_world PASSED [  4%]
tests/unit/test_store.py::test_historical_world_read PASSED              [  4%]
tests/unit/test_store.py::test_learned_at_cutoff_hides_future_known_revision PASSED [  5%]
tests/unit/test_store.py::test_wrong_object_revision_rejected PASSED     [  5%]
tests/unit/test_world_revision_atomicity.py::test_w01_three_objects_share_one_global_world_revision PASSED [  5%]
tests/unit/test_world_revision_atomicity.py::test_w02_failed_mid_insert_rolls_back_the_entire_world_transaction PASSED [  5%]
tests/unit/test_world_revision_atomicity.py::test_w03_two_concurrent_writers_from_same_snapshot_only_one_commits PASSED [  6%]
tests/unit/test_world_revision_atomicity.py::test_w04_session_snapshot_revision_stays_fixed_while_world_advances PASSED [  6%]
tests/unit/test_world_revision_atomicity.py::test_w05_failed_multi_object_commit_does_not_consume_world_revision PASSED [  6%]
tests/integration/test_m0_prime_store_delta_and_search.py::test_new_database_freezes_source_class_on_commits PASSED [  7%]
tests/integration/test_m0_prime_store_delta_and_search.py::test_pre_r4_database_migrates_with_explicit_backfill_and_audit PASSED [  7%]
tests/integration/test_m0_prime_store_delta_and_search.py::test_existing_source_class_check_migrates_to_platform_without_losing_rows PASSED [  7%]
tests/integration/test_m0_prime_store_delta_and_search.py::test_cjk_bigrams_cover_two_char_words PASSED [  7%]
tests/integration/test_m0_prime_store_delta_and_search.py::test_multi_keyword_cooccurrence_intersection PASSED [  8%]
tests/integration/test_m0_prime_store_delta_and_search.py::test_alias_resolution_honours_identity_disambiguation PASSED [  8%]
tests/integration/test_m0_prime_store_delta_and_search.py::test_time_range_and_watermark_semantics PASSED [  8%]
tests/integration/test_m0_prime_store_delta_and_search.py::test_dropped_projection_rebuilds_bit_identical PASSED [  8%]
tests/integration/test_m0_prime_store_delta_and_search.py::test_scale_smoke_reduced_g_m1p PASSED [  9%]
tests/integration/test_m0_prime_store_delta_and_search.py::test_conversation_index_preserves_assistant_raw_dialogue_for_explicit_search PASSED [  9%]
tests/integration/test_m0_prime_store_delta_and_search.py::test_t36_structured_observation_scalars_feed_only_derived_projection PASSED [  9%]
tests/integration/test_m0_prime_store_delta_and_search.py::test_t36_incremental_rebuild_subject_current_and_inactive_rules PASSED [ 10%]
tests/integration/test_v3_world_map_cockpit.py::test_dimension_directory_is_mechanical_and_payload_free PASSED [ 10%]
tests/integration/test_v3_world_map_cockpit.py::test_turn_cockpit_exposes_l0_map_then_model_selects_multi_dimension_projection PASSED [ 10%]
tests/integration/test_v3_world_map_cockpit.py::test_non_conversation_wake_cockpit_also_exposes_l0_world_map PASSED [ 10%]
tests/integration/test_v3_wake_dispatch.py::test_registered_numeric_change_marker_can_mechanically_create_wake PASSED [ 11%]
tests/integration/test_v3_wake_dispatch.py::test_wake_signal_contract_has_no_semantic_conclusion_field PASSED [ 11%]
tests/integration/test_v3_wake_dispatch.py::test_wake_bus_rejects_cross_subject_evidence PASSED [ 11%]
tests/integration/test_v3_wake_dispatch.py::test_wake_bus_retry_merge_and_cooldown_are_mechanical PASSED [ 12%]
tests/integration/test_v3_wake_dispatch.py::test_wake_dedupe_scope_includes_source_and_rule_identity PASSED [ 12%]
tests/integration/test_v3_wake_dispatch.py::test_old_exact_signal_retry_stays_idempotent_after_later_wake PASSED [ 12%]
tests/integration/test_v3_wake_dispatch.py::test_new_out_of_order_signal_is_rejected_within_same_scope PASSED [ 12%]
tests/integration/test_v3_wake_dispatch.py::test_step0_budget_block_queues_wake_then_resumes PASSED [ 13%]
tests/integration/test_v3_wake_dispatch.py::test_step0_quiet_runs_background_cognition_but_suppresses_delivery PASSED [ 13%]
tests/integration/test_v3_wake_dispatch.py::test_due_task_wake_dispatches_into_same_resident_runtime PASSED [ 13%]
tests/integration/test_v3_wake_dispatch.py::test_periodic_review_task_due_and_generic_wake_dispatch_form_one_loop PASSED [ 14%]
tests/integration/test_v3_attention_watch.py::test_resident_creates_attention_watch_and_new_reality_fact_wakes_it PASSED [ 14%]
tests/integration/test_v3_attention_watch.py::test_attention_watch_does_not_turn_mechanical_match_into_semantic_meaning PASSED [ 14%]
tests/integration/test_v3_attention_watch.py::test_attention_router_batches_burst_into_one_resident_invocation PASSED [ 14%]
tests/integration/test_v3_attention_watch.py::test_safety_wake_is_never_batched_with_attention_burst PASSED [ 15%]
tests/integration/test_v3_attention_watch.py::test_background_attention_runs_cognition_without_user_delivery PASSED [ 15%]
tests/integration/test_v3_attention_watch.py::test_interrupt_attention_can_deliver_after_resident_judgment PASSED [ 15%]
tests/integration/test_v3_attention_watch.py::test_interrupt_delivery_retry_after_completion_failure_is_exactly_once PASSED [ 16%]
tests/integration/test_v3_attention_watch.py::test_interrupt_delivery_denied_writes_no_interaction_fact PASSED [ 16%]
tests/integration/test_v3_attention_watch.py::test_interrupt_silence_writes_no_interaction_fact PASSED [ 16%]
tests/integration/test_v3_attention_watch.py::test_review_queue_waits_for_periodic_review_then_is_consumed PASSED [ 16%]
tests/integration/test_v3_attention_watch.py::test_step0_splits_cognition_action_and_delivery_rights PASSED [ 17%]
tests/integration/test_v3_attention_watch.py::test_resident_wake_can_register_followup_watch_for_future_reality PASSED [ 17%]
tests/integration/test_v3_attention_watch.py::test_periodic_review_can_inspect_mechanical_attention_outcomes PASSED [ 17%]
tests/integration/test_v3_attention_watch.py::test_one_shot_attention_watch_matches_once_then_leaves_active_set PASSED [ 17%]
tests/integration/test_v3_attention_watch.py::test_expired_attention_watch_is_retired_before_late_fact_can_wake PASSED [ 18%]
tests/integration/test_v3_attention_watch.py::test_pending_dispatcher_holds_background_then_batches_once PASSED [ 18%]
tests/integration/test_v3_attention_watch.py::test_pending_dispatcher_interrupt_bypasses_background_hold PASSED [ 18%]
tests/integration/test_v3_attention_watch.py::test_attention_scheduling_policy_controls_background_window_and_bundle_size PASSED [ 19%]
tests/integration/test_v3_execution_world.py::test_goal_and_task_are_forward_revised_world_objects PASSED [ 19%]
tests/integration/test_v3_execution_world.py::test_scheduler_wakes_due_task_without_inventing_new_goal PASSED [ 19%]
tests/integration/test_v3_execution_world.py::test_model_proposal_cannot_authorize_external_action_by_itself PASSED [ 19%]
tests/integration/test_v3_execution_world.py::test_authorized_action_dispatch_and_real_outcome_close_task_loop PASSED [ 20%]
tests/integration/test_v3_execution_world.py::test_submitted_action_cannot_be_dispatched_twice PASSED [ 20%]
tests/integration/test_v3_execution_world.py::test_external_action_task_cannot_use_observation_to_bypass_outcome PASSED [ 20%]
tests/integration/test_v3_execution_world.py::test_action_and_outcome_are_retrievable_world_anchors PASSED [ 21%]
tests/integration/test_v3_execution_world.py::test_cancelled_parent_task_cannot_authorize_retry_or_restart PASSED [ 21%]
tests/integration/test_v3_execution_world.py::test_restart_rejects_legacy_proposed_action_with_cancelled_parent PASSED [ 21%]
tests/integration/test_v3_execution_world.py::test_cancel_authorize_race_is_fail_closed PASSED [ 21%]
tests/integration/test_v3_execution_world.py::test_non_action_verification_task_completes_from_real_world_evidence PASSED [ 22%]
tests/integration/test_v3_execution_world.py::test_legacy_verification_without_mode_uses_narrow_world_evidence_compatibility PASSED [ 22%]
tests/integration/test_v3_execution_world.py::test_information_review_task_completes_from_supported_current_claim PASSED [ 22%]
tests/integration/test_v3_execution_world.py::test_assistant_raw_dialogue_cannot_complete_world_evidence_task PASSED [ 23%]
tests/integration/test_v3_execution_world.py::test_synthetic_outcome_cannot_complete_external_action_task PASSED [ 23%]
tests/integration/test_v3_execution_world.py::test_unsupported_claim_cannot_complete_task PASSED [ 23%]
tests/integration/test_v3_execution_world.py::test_non_action_failed_requires_real_failure_evidence PASSED [ 23%]
tests/integration/test_v3_execution_world.py::test_cross_subject_completion_evidence_is_rejected PASSED [ 24%]
tests/integration/test_v3_execution_world.py::test_stale_retracted_and_historical_evidence_are_rejected PASSED [ 24%]
tests/integration/test_v3_execution_world.py::test_terminal_completion_retry_is_idempotent_across_restart PASSED [ 24%]
tests/integration/test_v3_execution_world.py::test_terminal_transition_keeps_historical_task_revision_immutable PASSED [ 25%]
tests/integration/test_v3_execution_world.py::test_world_evidence_task_cannot_propose_action PASSED [ 25%]
tests/integration/test_v3_periodic_review.py::test_scheduler_only_creates_review_wake_and_never_semantic_growth_claim PASSED [ 25%]
tests/integration/test_v3_periodic_review.py::test_periodic_review_uses_same_resident_runtime_and_writes_grounded_growth PASSED [ 25%]
tests/integration/test_v3_periodic_review.py::test_completed_review_does_not_immediately_or_self_trigger_again PASSED [ 26%]
tests/integration/test_v3_periodic_review.py::test_legacy_running_review_without_attempt_is_in_doubt_after_restart PASSED [ 26%]
tests/integration/test_v3_periodic_review.py::test_operation_experience_requires_pinned_real_case_refs PASSED [ 26%]
tests/integration/test_v3_periodic_review.py::test_periodic_review_can_revise_old_cognition_from_new_world_evidence PASSED [ 26%]
tests/integration/test_v3_periodic_review.py::test_operation_experience_rejects_non_real_cross_subject_and_assistant_evidence PASSED [ 27%]
tests/integration/test_v3_periodic_review.py::test_operation_experience_identity_covers_semantics_and_case_polarity PASSED [ 27%]
tests/integration/test_v3_periodic_review.py::test_periodic_review_backlog_pages_do_not_permanently_skip_candidates PASSED [ 27%]
tests/integration/test_v3_periodic_review.py::test_periodic_review_budget_exhaustion_stays_running_and_can_resume PASSED [ 28%]
tests/integration/test_v3_periodic_review.py::test_cg001_resumed_periodic_review_uses_original_start_as_read_cut PASSED [ 28%]
tests/integration/test_v3_fused_turn_runtime.py::test_vertical_slice_proactively_remembers_then_writes_new_turn PASSED [ 28%]
tests/integration/test_v3_fused_turn_runtime.py::test_assistant_raw_dialogue_stays_available_to_explicit_search PASSED [ 28%]
tests/integration/test_v3_fused_turn_runtime.py::test_model_can_ignore_empty_prefetch_and_deep_search PASSED [ 29%]
tests/integration/test_v3_fused_turn_runtime.py::test_model_can_request_all_dimensions_projection PASSED [ 29%]
tests/integration/test_v3_fused_turn_runtime.py::test_model_can_search_then_write_evidence_grounded_claim PASSED [ 29%]
tests/integration/test_v3_fused_turn_runtime.py::test_model_can_revise_claim_and_propagate_current_view PASSED [ 30%]
tests/integration/test_v3_fused_turn_runtime.py::test_resident_model_can_build_and_read_user_understanding_in_unified_ai_world PASSED [ 30%]
tests/integration/test_v3_fused_turn_runtime.py::test_runtime_can_create_revise_and_retract_ai_self_world_claim PASSED [ 30%]
tests/integration/test_v3_fused_turn_runtime.py::test_new_session_loads_only_explicit_core_ai_world_context PASSED [ 30%]
tests/integration/test_v3_fused_turn_runtime.py::test_resident_model_can_check_existing_dimensions_then_propose_candidate PASSED [ 31%]
tests/integration/test_v3_fused_turn_runtime.py::test_resident_model_can_move_candidate_dimension_into_trial PASSED [ 31%]
tests/integration/test_v3_fused_turn_runtime.py::test_current_user_input_can_ground_same_turn_goal_task_and_action_proposal PASSED [ 31%]
tests/integration/test_v3_fused_turn_runtime.py::test_user_interaction_model_call_is_metered_outside_world PASSED [ 32%]
tests/integration/test_v3_fused_turn_runtime.py::test_user_interaction_unknown_usage_is_metered_with_provider_identity PASSED [ 32%]
tests/integration/test_v3_fused_turn_runtime.py::test_self_contained_current_utterance_does_not_prefetch_cross_session_history PASSED [ 32%]
tests/integration/test_v3_fused_turn_runtime.py::test_read_ai_world_runtime_capability_does_not_cross_user_subject PASSED [ 32%]
tests/integration/test_v3_fused_turn_runtime.py::test_cg001_historical_runtime_cut_excludes_late_search_and_exact_inspect PASSED [ 33%]
tests/integration/test_v3_fused_turn_runtime.py::test_cg001_current_time_control_keeps_current_fact_visible PASSED [ 33%]
tests/integration/test_v3_fused_turn_runtime.py::test_cg001_exact_read_fails_closed_for_missing_or_corrupt_learned_at PASSED [ 33%]
tests/integration/test_v3_fused_turn_runtime.py::test_cg001_historical_ai_world_reads_preserve_latest_knowable_revision PASSED [ 33%]
tests/integration/test_v3_ai_world.py::test_all_ai_domains_share_one_world_store_without_second_ai_database PASSED [ 34%]
tests/integration/test_v3_ai_world.py::test_cognitive_boundary_can_preserve_unknown_and_hypothesis PASSED [ 34%]
tests/integration/test_v3_ai_world.py::test_calibration_can_record_real_correction_evidence PASSED [ 34%]
tests/integration/test_v3_ai_world.py::test_ai_world_claim_reuses_p9_revision_chain PASSED [ 35%]
tests/integration/test_v3_ai_world.py::test_snapshot_contains_only_current_active_ai_world_claims PASSED [ 35%]
tests/integration/test_v3_ai_world.py::test_all_p10_domains_are_typed_views_over_the_same_claim_engine PASSED [ 35%]
tests/integration/test_v3_ai_world.py::test_user_understanding_current_isolated_by_service_user PASSED [ 35%]
tests/integration/test_v3_ai_world.py::test_relationship_current_isolated_by_service_user PASSED [ 36%]
tests/integration/test_v3_ai_world.py::test_strategy_current_isolated_by_service_user PASSED [ 36%]
tests/integration/test_v3_ai_world.py::test_core_context_does_not_cross_user_but_keeps_ai_self PASSED [ 36%]
tests/integration/test_v3_ai_world.py::test_core_context_filters_core_tag_before_domain_limit PASSED [ 37%]
tests/integration/test_v3_ai_world.py::test_snapshot_does_not_cross_user_scoped_domains PASSED [ 37%]
tests/integration/test_v3_ai_world.py::test_self_continuity_preserved_across_user_services PASSED [ 37%]
tests/integration/test_v3_ai_world.py::test_calibration_continuity_preserved_across_user_services PASSED [ 37%]
tests/integration/test_v3_ai_world.py::test_cross_user_typed_revise_is_rejected_for_user_scoped_domains PASSED [ 38%]
tests/integration/test_v3_ai_world.py::test_cross_user_typed_retract_is_rejected_for_user_scoped_domains PASSED [ 38%]
tests/integration/test_v3_ai_world.py::test_legitimate_ai_self_revision_still_works_across_current_user[self] PASSED [ 38%]
tests/integration/test_v3_ai_world.py::test_legitimate_ai_self_revision_still_works_across_current_user[calibration] PASSED [ 39%]
tests/integration/test_v3_ai_world.py::test_typed_mutation_rejects_malformed_ai_world_metadata[revise-metadata0] PASSED [ 39%]
tests/integration/test_v3_ai_world.py::test_typed_mutation_rejects_malformed_ai_world_metadata[revise-metadata1] PASSED [ 39%]
tests/integration/test_v3_ai_world.py::test_typed_mutation_rejects_malformed_ai_world_metadata[revise-metadata2] PASSED [ 39%]
tests/integration/test_v3_ai_world.py::test_typed_mutation_rejects_malformed_ai_world_metadata[retract-metadata0] PASSED [ 40%]
tests/integration/test_v3_ai_world.py::test_typed_mutation_rejects_malformed_ai_world_metadata[retract-metadata1] PASSED [ 40%]
tests/integration/test_v3_ai_world.py::test_typed_mutation_rejects_malformed_ai_world_metadata[retract-metadata2] PASSED [ 40%]
tests/integration/test_v3_cognition_revision.py::test_revise_claim_preserves_history_and_marks_dependents_review_required PASSED [ 41%]
tests/integration/test_v3_cognition_revision.py::test_retract_claim_creates_forward_tombstone_semantics_without_deleting_history PASSED [ 41%]
tests/integration/test_v3_cognition_revision.py::test_already_advanced_dependent_is_not_overwritten_by_old_dependency_propagation PASSED [ 41%]
tests/integration/test_v3_cognition_revision.py::test_stale_dependent_can_be_re_evaluated_into_new_active_revision PASSED [ 41%]
tests/integration/test_v3_cognition_revision.py::test_claim_revision_stales_dependent_summary_then_summary_can_rebuild PASSED [ 42%]
tests/integration/test_v3_cognition_writeback.py::test_claim_writeback_is_evidence_grounded_and_atomic PASSED [ 42%]
tests/integration/test_v3_cognition_writeback.py::test_exact_claim_retry_reuses_existing_bundle PASSED [ 42%]
tests/integration/test_v3_cognition_writeback.py::test_unpinned_or_missing_evidence_is_rejected PASSED [ 42%]
tests/integration/test_v3_c15_cognition_evidence_policy.py::test_evidence_policy_accepts_reality_observation PASSED [ 43%]
tests/integration/test_v3_c15_cognition_evidence_policy.py::test_evidence_policy_rejects_direct_claim_evidence PASSED [ 43%]
tests/integration/test_v3_c15_cognition_evidence_policy.py::test_evidence_policy_rejects_claim_summary_claim_cycle PASSED [ 43%]
tests/integration/test_v3_c15_cognition_evidence_policy.py::test_evidence_policy_accepts_observation_through_summary PASSED [ 44%]
tests/integration/test_v3_c15_cognition_evidence_policy.py::test_evidence_policy_rejects_chained_summaries_without_reality PASSED [ 44%]
tests/integration/test_v3_c15_cognition_evidence_policy.py::test_ordinary_turn_enforces_reality_grounding_and_blocks_cycles PASSED [ 44%]
tests/integration/test_v3_c15_cognition_evidence_policy.py::test_ordinary_turn_claim_revision_requires_new_reality PASSED [ 44%]
tests/integration/test_v3_c15_cognition_evidence_policy.py::test_periodic_review_enforces_evidence_policy_closure PASSED [ 45%]
tests/integration/test_v3_c15_cognition_evidence_policy.py::test_direct_writeback_and_revision_services_enforce_policy PASSED [ 45%]
tests/integration/test_v3_c15_cognition_evidence_policy.py::test_observation_is_a_legal_grounding_path PASSED [ 45%]
tests/integration/test_v3_c15_cognition_evidence_policy.py::test_action_is_a_legal_grounding_path PASSED [ 46%]
tests/integration/test_v3_c15_cognition_evidence_policy.py::test_outcome_is_a_legal_grounding_path PASSED [ 46%]
tests/integration/test_v3_c15_cognition_evidence_policy.py::test_event_anchor_is_a_legal_case_grounding_container PASSED [ 46%]
tests/integration/test_v3_c15_cognition_evidence_policy.py::test_event_anchor_over_ai_only_lineage_still_fails_closed PASSED [ 46%]
tests/integration/test_v3_c15_cognition_evidence_policy.py::test_event_grounded_cognition_forms_on_an_ordinary_user_turn PASSED [ 47%]
tests/integration/test_v3_c15_cognition_evidence_policy.py::test_services_enforce_policy_without_explicit_injection PASSED [ 47%]
tests/integration/test_v3_c15_cognition_fields.py::test_turn_runtime_commit_ai_world_claim_with_valid_time_and_unknowns PASSED [ 47%]
tests/integration/test_v3_c15_cognition_fields.py::test_ai_world_direct_service_full_lifecycle PASSED [ 48%]
tests/integration/test_v3_c15_cognition_fields.py::test_writeback_and_revision_preserves_temporal_and_uncertainty PASSED [ 48%]
tests/integration/test_v3_constitutional_cognition_closure.py::test_policy_event_and_communication_experience_share_one_world PASSED [ 48%]
tests/integration/test_v3_constitutional_cognition_closure.py::test_topic_state_uses_canonical_recent_turns_and_can_close_history_gate PASSED [ 48%]
tests/integration/test_v3_constitutional_cognition_closure.py::test_multiscale_summary_scheduler_requires_model_text_and_skips_unchanged PASSED [ 49%]
tests/integration/test_v3_constitutional_cognition_closure.py::test_all_constitutional_summary_scales_have_stable_utc_windows PASSED [ 49%]
tests/integration/test_v3_constitutional_cognition_closure.py::test_fused_runtime_exposes_and_executes_new_constitutional_capabilities PASSED [ 49%]
tests/integration/test_v3_c14_cognitive_derivation_runtime.py::test_derivation_cockpit_uses_same_resident_runtime_metering_and_suppresses_background_delivery PASSED [ 50%]
tests/integration/test_v3_c14_cognitive_derivation_runtime.py::test_grounded_claim_can_drill_down_and_search_cross_dimension_before_commit PASSED [ 50%]
tests/integration/test_v3_c14_cognitive_derivation_runtime.py::test_derivation_revision_and_retraction_require_and_accept_new_grounding[revise] PASSED [ 50%]
tests/integration/test_v3_c14_cognitive_derivation_runtime.py::test_derivation_revision_and_retraction_require_and_accept_new_grounding[retract] PASSED [ 50%]
tests/integration/test_v3_c14_cognitive_derivation_runtime.py::test_old_ai_claim_via_summary_cannot_self_ground_new_claim PASSED [ 51%]
tests/integration/test_v3_c14_cognitive_derivation_runtime.py::test_t28_assistant_only_summary_is_rejected_but_user_leaf_can_ground_cognition PASSED [ 51%]
tests/integration/test_v3_c14_cognitive_derivation_runtime.py::test_derivation_grounding_missing_unknown_and_cross_subject_fail_closed[missing] PASSED [ 51%]
tests/integration/test_v3_c14_cognitive_derivation_runtime.py::test_derivation_grounding_missing_unknown_and_cross_subject_fail_closed[cross_subject] PASSED [ 51%]
tests/integration/test_v3_c14_cognitive_derivation_runtime.py::test_strategy_cognition_can_close_through_real_operation_outcome_case PASSED [ 52%]
tests/integration/test_v3_c14_cognitive_derivation_runtime.py::test_silence_completes_wake_without_semantic_write PASSED [ 52%]
tests/integration/test_v3_c14_cognitive_derivation_runtime.py::test_derivation_side_effect_authorization_is_explicit_default_deny PASSED [ 52%]
tests/integration/test_v3_c14_cognitive_derivation_runtime.py::test_derivation_denies_non_cognition_side_effects_before_world_write[propose_entity] PASSED [ 53%]
tests/integration/test_v3_c14_cognitive_derivation_runtime.py::test_derivation_denies_non_cognition_side_effects_before_world_write[revise_entity] PASSED [ 53%]
tests/integration/test_v3_c14_cognitive_derivation_runtime.py::test_derivation_denies_non_cognition_side_effects_before_world_write[upsert_relation] PASSED [ 53%]
tests/integration/test_v3_c14_cognitive_derivation_runtime.py::test_derivation_denies_non_cognition_side_effects_before_world_write[propose_dimension] PASSED [ 53%]
tests/integration/test_v3_c14_cognitive_derivation_runtime.py::test_derivation_denies_non_cognition_side_effects_before_world_write[transition_dimension] PASSED [ 54%]
tests/integration/test_v3_c14_cognitive_derivation_runtime.py::test_derivation_denies_non_cognition_side_effects_before_world_write[propose_goal] PASSED [ 54%]
tests/integration/test_v3_c14_cognitive_derivation_runtime.py::test_derivation_denies_non_cognition_side_effects_before_world_write[transition_goal] PASSED [ 54%]
tests/integration/test_v3_c14_cognitive_derivation_runtime.py::test_derivation_denies_non_cognition_side_effects_before_world_write[create_task] PASSED [ 55%]
tests/integration/test_v3_c14_cognitive_derivation_runtime.py::test_derivation_denies_non_cognition_side_effects_before_world_write[transition_task] PASSED [ 55%]
tests/integration/test_v3_c14_cognitive_derivation_runtime.py::test_derivation_denies_non_cognition_side_effects_before_world_write[create_attention_watch] PASSED [ 55%]
tests/integration/test_v3_c14_cognitive_derivation_runtime.py::test_derivation_denies_non_cognition_side_effects_before_world_write[propose_action] PASSED [ 55%]
tests/integration/test_v3_c14_cognitive_derivation_runtime.py::test_derivation_denies_non_cognition_side_effects_before_world_write[form_event] PASSED [ 56%]
tests/integration/test_v3_c14_cognitive_derivation_runtime.py::test_derivation_denies_non_cognition_side_effects_before_world_write[transition_event] PASSED [ 56%]
tests/integration/test_v3_c14_cognitive_derivation_runtime.py::test_derivation_denies_non_cognition_side_effects_before_world_write[commit_operation_experience] PASSED [ 56%]
tests/integration/test_v3_c14_cognitive_derivation_runtime.py::test_derivation_denies_non_cognition_side_effects_before_world_write[record_communication_experience] PASSED [ 57%]
tests/integration/test_v3_c14_cognitive_derivation_runtime.py::test_derivation_denies_non_cognition_side_effects_before_world_write[propose_cognitive_policy] PASSED [ 57%]
tests/integration/test_v3_c14_cognitive_derivation_runtime.py::test_derivation_denies_non_cognition_side_effects_before_world_write[update_cognitive_policy] PASSED [ 57%]
tests/integration/test_v3_c14_cognitive_derivation_runtime.py::test_derivation_denies_non_cognition_side_effects_before_world_write[rollback_cognitive_policy] PASSED [ 57%]
tests/integration/test_v3_c14_cognitive_derivation_runtime.py::test_user_interaction_keeps_existing_side_effect_authorization[propose_entity] PASSED [ 58%]
tests/integration/test_v3_c14_cognitive_derivation_runtime.py::test_user_interaction_keeps_existing_side_effect_authorization[revise_entity] PASSED [ 58%]
tests/integration/test_v3_c14_cognitive_derivation_runtime.py::test_user_interaction_keeps_existing_side_effect_authorization[upsert_relation] PASSED [ 58%]
tests/integration/test_v3_c14_cognitive_derivation_runtime.py::test_user_interaction_keeps_existing_side_effect_authorization[propose_dimension] PASSED [ 58%]
tests/integration/test_v3_c14_cognitive_derivation_runtime.py::test_user_interaction_keeps_existing_side_effect_authorization[transition_dimension] PASSED [ 59%]
tests/integration/test_v3_c14_cognitive_derivation_runtime.py::test_user_interaction_keeps_existing_side_effect_authorization[propose_goal] PASSED [ 59%]
tests/integration/test_v3_c14_cognitive_derivation_runtime.py::test_user_interaction_keeps_existing_side_effect_authorization[transition_goal] PASSED [ 59%]
tests/integration/test_v3_c14_cognitive_derivation_runtime.py::test_user_interaction_keeps_existing_side_effect_authorization[create_task] PASSED [ 60%]
tests/integration/test_v3_c14_cognitive_derivation_runtime.py::test_user_interaction_keeps_existing_side_effect_authorization[transition_task] PASSED [ 60%]
tests/integration/test_v3_c14_cognitive_derivation_runtime.py::test_user_interaction_keeps_existing_side_effect_authorization[create_attention_watch] PASSED [ 60%]
tests/integration/test_v3_c14_cognitive_derivation_runtime.py::test_user_interaction_keeps_existing_side_effect_authorization[propose_action] PASSED [ 60%]
tests/integration/test_v3_c14_cognitive_derivation_runtime.py::test_user_interaction_keeps_existing_side_effect_authorization[form_event] PASSED [ 61%]
tests/integration/test_v3_c14_cognitive_derivation_runtime.py::test_user_interaction_keeps_existing_side_effect_authorization[transition_event] PASSED [ 61%]
tests/integration/test_v3_c14_cognitive_derivation_runtime.py::test_periodic_review_keeps_existing_side_effect_authorization[commit_operation_experience] PASSED [ 61%]
tests/integration/test_v3_c14_cognitive_derivation_runtime.py::test_periodic_review_keeps_existing_side_effect_authorization[commit_claim] PASSED [ 62%]
tests/integration/test_v3_c14_cognitive_derivation_runtime.py::test_periodic_review_keeps_existing_side_effect_authorization[commit_ai_world_claim] PASSED [ 62%]
tests/integration/test_v3_c14_cognitive_derivation_runtime.py::test_periodic_review_keeps_existing_side_effect_authorization[revise_claim] PASSED [ 62%]
tests/integration/test_v3_c14_cognitive_derivation_runtime.py::test_periodic_review_keeps_existing_side_effect_authorization[retract_claim] PASSED [ 62%]
tests/integration/test_v3_c14_cognitive_derivation_runtime.py::test_periodic_review_keeps_existing_side_effect_authorization[propose_cognitive_policy] PASSED [ 63%]
tests/integration/test_v3_c14_cognitive_derivation_runtime.py::test_periodic_review_keeps_existing_side_effect_authorization[update_cognitive_policy] PASSED [ 63%]
tests/integration/test_v3_c14_cognitive_derivation_runtime.py::test_periodic_review_keeps_existing_side_effect_authorization[rollback_cognitive_policy] PASSED [ 63%]
tests/integration/test_v3_c14_cognitive_derivation_runtime.py::test_loop_repro_twelve_sibling_derivations_coalesce_without_losing_contract PASSED [ 64%]
tests/integration/test_v3_c14_cognitive_derivation_runtime.py::test_loop_repro_direct_c14_attention_bundle_preserves_effective_execution_reason PASSED [ 64%]
tests/integration/test_v3_c14_cognitive_derivation_runtime.py::test_loop_repro_tool_round_budget_exhaustion_keeps_c14_wake_resumable PASSED [ 64%]
tests/integration/test_v3_c14_cognitive_derivation_runtime.py::test_loop_bundle_cannot_launder_c14_into_broader_side_effects[form_event] PASSED [ 64%]
tests/integration/test_v3_c14_cognitive_derivation_runtime.py::test_loop_bundle_cannot_launder_c14_into_broader_side_effects[propose_goal] PASSED [ 65%]
tests/integration/test_v3_c14_cognitive_derivation_runtime.py::test_loop_bundle_cannot_launder_c14_into_broader_side_effects[create_task] PASSED [ 65%]
tests/integration/test_v3_c14_cognitive_derivation_runtime.py::test_loop_bundle_cannot_launder_c14_into_broader_side_effects[propose_entity] PASSED [ 65%]
tests/integration/test_v3_c14_cognitive_derivation_runtime.py::test_loop_bundle_cannot_launder_c14_into_broader_side_effects[propose_action] PASSED [ 66%]
tests/integration/test_v3_c14_cognitive_derivation_runtime.py::test_loop_c14_does_not_mix_with_default_background_bundle PASSED [ 66%]
tests/integration/test_v3_c14_cognitive_derivation_runtime.py::test_loop_model_round_budget_exhaustion_requeues_c14_wake PASSED [ 66%]
tests/integration/test_v3_c14_cognitive_derivation_runtime.py::test_loop_capability_call_budget_exhaustion_requeues_c14_wake PASSED [ 66%]
tests/integration/test_v3_c14_cognitive_derivation_runtime.py::test_loop_unfinished_c14_bundle_survives_process_restart_with_all_members PASSED [ 67%]
tests/integration/test_v3_c14_cognitive_derivation_runtime.py::test_loop_partial_claim_then_budget_exhaust_restart_is_durable_and_idempotent PASSED [ 67%]
tests/integration/test_v3_c14_cognitive_derivation_runtime.py::test_loop_background_budget_preflight_defer_then_next_window_recovers PASSED [ 67%]
tests/integration/test_v3_c14_cognitive_derivation_runtime.py::test_loop_hard_deny_is_durable_nonsemantic_and_reconcile_does_not_storm PASSED [ 67%]
tests/integration/test_v3_c14_cognitive_derivation_runtime.py::test_loop_wake_completion_is_lifecycle_only_not_semantic_evidence PASSED [ 68%]
tests/integration/test_v3_c14_cognitive_derivation_runtime.py::test_loop_periodic_review_and_c14_coexist_without_consuming_each_other PASSED [ 68%]
tests/integration/test_v3_c14_cognitive_derivation_runtime.py::test_loop_new_runtime_recovers_exact_durable_ai_world_cognition PASSED [ 68%]
tests/integration/test_v3_c14_cognitive_derivation_runtime.py::test_loop_bundle_keeps_grounded_cognition_writer_authorized PASSED [ 69%]
tests/integration/test_v3_c14_cognitive_derivation_runtime.py::test_loop_runtime_incomplete_individual_is_not_rebundled_after_partial_write PASSED [ 69%]
tests/integration/test_v3_c14_cognitive_derivation_runtime.py::test_loop_runtime_incomplete_usage_counts_against_other_background_wakes PASSED [ 69%]
tests/integration/test_v3_c14_cognitive_derivation_runtime.py::test_loop_completed_retry_keeps_prior_attempt_model_calls_in_budget_status PASSED [ 69%]
tests/integration/test_v3_c14_cognitive_derivation_runtime.py::test_cg001_resumed_c14_uses_first_start_as_model_visible_read_cut PASSED [ 70%]
tests/integration/test_v3_c14_cognitive_derivation_runtime.py::test_cg001_corrective_resumed_c14_lineage_excludes_t2_dependency_and_leaf PASSED [ 70%]
tests/integration/test_v3_c14_cognitive_derivation_runtime.py::test_cg001_corrective_resumed_c14_bundle_lineage_excludes_t2_support PASSED [ 70%]
tests/integration/test_v3_c14_cognitive_derivation_scheduler.py::test_reality_summary_schedules_exactly_one_background_opportunity_and_router_sees_it PASSED [ 71%]
tests/integration/test_v3_c14_cognitive_derivation_scheduler.py::test_summary_revision_n_plus_one_gets_new_opportunity_but_old_revision_retry_does_not PASSED [ 71%]
tests/integration/test_v3_c14_cognitive_derivation_scheduler.py::test_nested_higher_scale_summary_recurses_to_exact_reality_leaf PASSED [ 71%]
tests/integration/test_v3_c14_cognitive_derivation_scheduler.py::test_legacy_assistant_raw_is_ai_cognition_only_and_mixed_keeps_sources_separate PASSED [ 71%]
tests/integration/test_v3_c14_cognitive_derivation_scheduler.py::test_maintenance_only_unknown_missing_and_cross_subject_fail_closed PASSED [ 72%]
tests/integration/test_v3_c14_cognitive_derivation_scheduler.py::test_corrupt_cycle_fails_closed_without_recursive_loop PASSED [ 72%]
tests/integration/test_v3_c14_cognitive_derivation_scheduler.py::test_non_current_incomplete_inactive_tombstoned_and_superseded_summaries_do_not_schedule PASSED [ 72%]
tests/integration/test_v3_c14_cognitive_derivation_scheduler.py::test_commit_crash_gap_is_recovered_after_store_and_scheduler_restart_and_retry_is_idempotent PASSED [ 73%]
tests/integration/test_v3_c14_cognitive_derivation_scheduler.py::test_multiscale_scheduler_auto_schedules_new_summary_and_unchanged_rerun_adds_no_wake PASSED [ 73%]
tests/integration/test_v3_c14_cognitive_derivation_scheduler.py::test_loop_repro_reconcile_builds_support_dependency_graph_once_per_pass PASSED [ 73%]
tests/integration/test_v3_c14_cognitive_derivation_scheduler.py::test_loop_ai_claim_only_summary_has_no_immediate_derivation_but_mixed_new_reality_does PASSED [ 73%]
tests/integration/test_v3_completeness_closure.py::test_subject_scoped_search_and_cognition_block_cross_user_refs PASSED [ 74%]
tests/integration/test_v3_completeness_closure.py::test_structured_stable_identity_has_no_delimiter_boundary_alias PASSED [ 74%]
tests/integration/test_v3_completeness_closure.py::test_ai_policy_requires_real_result_evidence_and_becomes_due PASSED [ 74%]
tests/integration/test_v3_completeness_closure.py::test_runtime_consumes_active_policy_values PASSED [ 75%]
tests/integration/test_v3_completeness_closure.py::test_topic_presence_alone_does_not_authorize_history_injection PASSED [ 75%]
tests/integration/test_v3_completeness_closure.py::test_exact_entity_anchor_can_open_history_without_keyword_guessing PASSED [ 75%]
tests/integration/test_v3_completeness_closure.py::test_summary_scheduler_drains_missed_windows_and_reopens_late_data PASSED [ 75%]
tests/integration/test_v3_completeness_closure.py::test_summary_source_cap_fails_closed_instead_of_publishing_partial_current PASSED [ 76%]
tests/integration/test_v3_completeness_closure.py::test_late_overflow_marks_existing_summary_stale PASSED [ 76%]
tests/integration/test_v3_completeness_closure.py::test_event_transition_matrix_blocks_terminal_backjump PASSED [ 76%]
tests/integration/test_v3_completeness_closure.py::test_resident_entity_relation_graph_is_durable_and_searchable PASSED [ 76%]
tests/integration/test_v3_background_budget_gate.py::test_background_day_max_wakes_blocks_second_resident_invocation PASSED [ 77%]
tests/integration/test_v3_background_budget_gate.py::test_background_model_call_budget_caps_tool_loop_before_extra_model_call PASSED [ 77%]
tests/integration/test_v3_background_budget_gate.py::test_background_token_budget_fails_closed_without_provider_usage_telemetry PASSED [ 77%]
tests/integration/test_v3_background_budget_gate.py::test_completed_background_wake_exposes_exact_token_usage_in_budget_status PASSED [ 78%]
tests/integration/test_v3_background_budget_gate.py::test_budget_hard_deny_suppresses_background_wake PASSED [ 78%]
tests/integration/test_v3_background_budget_gate.py::test_safety_wake_bypasses_background_day_budget PASSED [ 78%]
tests/integration/test_v3_background_budget_gate.py::test_provider_usage_is_durable_even_if_wake_completion_crashes PASSED [ 78%]
tests/integration/test_v3_background_budget_gate.py::test_running_budget_reservation_is_not_a_free_same_day_retry PASSED [ 79%]
tests/integration/test_v3_background_budget_gate.py::test_periodic_review_budget_defers_then_resumes_same_anchors PASSED [ 79%]
tests/integration/test_v3_background_budget_gate.py::test_periodic_review_requires_full_model_round_budget PASSED [ 79%]
tests/integration/test_v3_background_budget_gate.py::test_periodic_running_review_does_not_repeat_same_day_and_can_refresh_next_day PASSED [ 80%]
tests/integration/test_v3_background_budget_gate.py::test_resident_can_read_budget_and_attention_routing_contract PASSED [ 80%]
tests/integration/test_v3_dimension_summary.py::test_single_dimension_summary_is_durable_and_searchable PASSED [ 80%]
tests/integration/test_v3_dimension_summary.py::test_new_world_data_creates_forward_summary_revision PASSED [ 80%]
tests/integration/test_v3_summary_hierarchy.py::test_multiscale_summary_is_bottom_up_and_never_depends_on_itself PASSED [ 81%]
tests/integration/test_v3_long_context_continuity.py::test_world_rebuilds_recent_turns_and_schedules_contiguous_round_summary PASSED [ 81%]
tests/integration/test_v3_long_context_continuity.py::test_round_summary_pins_raw_dialogue_and_drills_down_without_deleting_truth PASSED [ 81%]
tests/integration/test_v3_long_context_continuity.py::test_summary_retry_is_idempotent_but_changed_summary_fails_closed PASSED [ 82%]
tests/integration/test_v3_long_context_continuity.py::test_same_session_id_is_isolated_between_subjects PASSED [ 82%]
tests/integration/test_v3_long_context_continuity.py::test_runtime_generates_round_summary_then_restart_restores_it_from_world PASSED [ 82%]
tests/integration/test_v3_long_context_continuity.py::test_runtime_model_can_drill_from_summary_to_exact_raw_dialogue PASSED [ 82%]
tests/integration/test_v3_long_context_continuity.py::test_runtime_rejects_external_recent_turn_injection PASSED [ 83%]
tests/integration/test_v3_long_context_continuity.py::test_new_session_does_not_auto_load_other_session_round_summaries PASSED [ 83%]
tests/integration/test_v3_long_context_continuity.py::test_summary_model_failure_does_not_delete_raw_or_lose_pending_work PASSED [ 83%]
tests/integration/test_v3_long_context_continuity.py::test_token_truncation_keeps_on_demand_summary_to_raw_recovery_path PASSED [ 83%]
tests/integration/test_v3_long_context_continuity.py::test_long_session_rolls_forward_in_order_without_replacing_raw_dialogue PASSED [ 84%]
tests/integration/test_v3_long_context_continuity.py::test_token_pressure_can_summarize_before_fixed_turn_chunk PASSED [ 84%]
tests/integration/test_v3_long_context_continuity.py::test_model_can_search_same_session_summary_before_raw_drilldown PASSED [ 84%]
tests/integration/test_v3_long_context_continuity.py::test_same_session_bare_reference_keeps_recent_continuity_without_cross_session_fallback PASSED [ 85%]
tests/integration/test_v3_memory_recommendation.py::test_no_topic_means_zero_historical_injection PASSED [ 85%]
tests/integration/test_v3_memory_recommendation.py::test_topic_proactively_recalls_related_user_history PASSED [ 85%]
tests/integration/test_v3_memory_recommendation.py::test_unrelated_topic_returns_empty_bundle PASSED [ 85%]
tests/integration/test_v3_memory_recommendation.py::test_current_session_can_be_excluded_from_history_recommendation PASSED [ 86%]
tests/integration/test_v3_memory_recommendation.py::test_assistant_raw_dialogue_is_not_ordinary_proactive_user_memory PASSED [ 86%]
tests/integration/test_v3_memory_recommendation.py::test_external_fact_and_grounded_claim_remain_proactively_recallable PASSED [ 86%]
tests/runtime/test_cognitive_runtime.py::test_direct_response_needs_no_capability_call PASSED [ 87%]
tests/runtime/test_cognitive_runtime.py::test_model_can_search_then_answer_from_tool_result PASSED [ 87%]
tests/runtime/test_cognitive_runtime.py::test_unknown_capability_is_structured_evidence_and_model_can_recover PASSED [ 87%]
tests/runtime/test_cognitive_runtime.py::test_repeated_identical_call_is_bounded_by_loop_guard PASSED [ 87%]
tests/runtime/test_cognitive_runtime.py::test_side_effecting_capability_is_denied_by_default PASSED [ 88%]
tests/runtime/test_cognitive_runtime.py::test_side_effecting_capability_runs_only_when_authorized PASSED [ 88%]
tests/runtime/test_cognitive_runtime.py::test_exact_model_usage_is_aggregated_across_tool_rounds PASSED [ 88%]
tests/runtime/test_cognitive_runtime.py::test_missing_usage_keeps_runtime_token_total_unknown PASSED [ 89%]
tests/runtime/test_cognitive_runtime.py::test_partial_multi_round_usage_never_becomes_a_fake_total PASSED [ 89%]
tests/runtime/test_cognitive_runtime.py::test_model_usage_contract_rejects_invalid_exact_counts PASSED [ 89%]
tests/runtime/test_cognitive_runtime.py::test_usage_recorder_runs_before_capability_execution PASSED [ 89%]
tests/runtime/test_metering_ledger.py::test_metering_write_does_not_advance_world_revision_or_create_world_object PASSED [ 90%]
tests/runtime/test_metering_ledger.py::test_provider_request_id_makes_metering_replay_idempotent PASSED [ 90%]
tests/runtime/test_metering_ledger.py::test_missing_provider_usage_records_unknown_call_without_fake_zero_tokens PASSED [ 90%]
tests/runtime/test_metering_ledger.py::test_same_provider_response_id_replay_conflict_fails_closed PASSED [ 91%]
tests/runtime/test_metering_ledger.py::test_metering_schema_additively_upgrades_background_attempt_link PASSED [ 91%]
tests/habitation/test_t28_proactive_memory_boundary.py::test_assistant_interpretation_cannot_self_reinforce_as_p16_proactive_memory PASSED [ 91%]
tests/integration/test_core_headless.py::test_headless_start_turn_ingest_stop_restart_same_world PASSED [ 91%]
tests/integration/test_core_headless.py::test_headless_single_writer_fails_closed_and_releases_on_stop PASSED [ 92%]
tests/integration/test_core_headless.py::test_headless_writer_identity_is_canonical_and_non_overridable PASSED [ 92%]
tests/integration/test_core_headless.py::test_headless_alternate_lock_path_cannot_bypass_live_world_writer PASSED [ 92%]
tests/integration/test_core_headless.py::test_headless_stale_canonical_lock_file_without_os_lease_reopens PASSED [ 92%]
tests/integration/test_core_headless.py::test_headless_relative_and_absolute_world_share_writer_identity PASSED [ 93%]
tests/integration/test_core_headless.py::test_headless_symlinked_existing_world_shares_writer_identity PASSED [ 93%]
tests/integration/test_core_headless.py::test_headless_cli_lock_override_is_validation_only PASSED [ 93%]
tests/integration/test_core_headless.py::test_headless_env_lock_override_is_validation_only PASSED [ 94%]
tests/integration/test_core_headless.py::test_headless_restart_preserves_fix003_pre_admission_and_requires_authorization PASSED [ 94%]
tests/integration/test_core_headless.py::test_headless_restart_keeps_pending_due_work_and_executes_after_reopen PASSED [ 94%]
tests/integration/test_core_headless.py::test_headless_restart_preserves_fix002_background_in_doubt_without_reinvoke PASSED [ 94%]
tests/integration/test_core_headless.py::test_headless_restart_keeps_fix001_historical_knowledge_cut PASSED [ 95%]
tests/integration/test_core_recovery.py::test_r1_wal_process_crash_distinguishes_uncommitted_and_committed PASSED [ 95%]
tests/integration/test_core_recovery.py::test_r6_stale_index_catches_up_without_mutating_world PASSED [ 95%]
tests/integration/test_core_recovery.py::test_r6_missing_and_corrupt_index_rebuild_from_world PASSED [ 96%]
tests/integration/test_core_recovery.py::test_r7_backup_restore_preserves_world_execution_attempt_and_metering PASSED [ 96%]
tests/integration/test_core_recovery.py::test_r7_restore_never_overwrites_existing_world PASSED [ 96%]
tests/integration/test_core_recovery.py::test_r8_current_schema_is_marked_and_repeat_open_is_idempotent PASSED [ 96%]
tests/integration/test_core_recovery.py::test_r8_future_schema_fails_non_destructively_before_runtime_migration PASSED [ 97%]
tests/integration/test_core_recovery.py::test_r8_failed_upgrade_is_not_falsely_marked_current PASSED [ 97%]
tests/integration/test_core_recovery.py::test_r9_interrupted_index_rebuild_leaves_canonical_projection_publish_safe PASSED [ 97%]
tests/integration/test_core_recovery.py::test_r9_interrupted_backup_does_not_publish_partial_snapshot PASSED [ 98%]
tests/integration/test_core_recovery.py::test_r9_interrupted_restore_does_not_mutate_backup_or_publish_partial_world PASSED [ 98%]
tests/integration/test_core_recovery.py::test_r10_recovery_cli_does_not_require_model_handler PASSED [ 98%]
tests/integration/test_core_scale_semantics.py::test_ai_world_streaming_preserves_legacy_cutoff_subject_revision_and_partition_semantics PASSED [ 98%]
tests/integration/test_core_scale_semantics.py::test_batched_world_payload_lookup_matches_repeated_latest_reads PASSED [ 99%]
tests/integration/test_core_scale_semantics.py::test_recall_batching_preserves_current_historical_subject_and_inactive_semantics PASSED [ 99%]
tests/integration/test_core_scale_semantics.py::test_batched_world_lookup_preserves_evidence_and_dependency_visibility PASSED [ 99%]
tests/integration/test_core_scale_semantics.py::test_recall_batching_preserves_exact_limit_order_and_watermark_catchup PASSED [100%]

============================= 356 passed in 43.21s =============================
