============================= test session starts ==============================
platform linux -- Python 3.11.2, pytest-8.4.2, pluggy-1.6.0 -- /usr/bin/python3
cachedir: .pytest_cache
rootdir: /home/user/Haneof-AIOS-Core-v3.0
configfile: pyproject.toml
collecting ... collected 248 items

tests/integration/test_core_background_trusted_return_recovery_001.py::test_later_round_return_survives_process_loss_without_caller_supplied_reply[1] PASSED [  0%]
tests/integration/test_core_background_trusted_return_recovery_001.py::test_later_round_return_survives_process_loss_without_caller_supplied_reply[2] PASSED [  0%]
tests/integration/test_core_background_trusted_return_recovery_001.py::test_trusted_callback_atomically_hands_off_exact_bytes_before_any_downstream_effect PASSED [  1%]
tests/integration/test_core_background_trusted_return_adversarial_001.py::test_untrusted_handoff_never_adopts_wrong_bytes_or_identity[forged_directive] PASSED [  1%]
tests/integration/test_core_background_trusted_return_adversarial_001.py::test_untrusted_handoff_never_adopts_wrong_bytes_or_identity[forged_fingerprint] PASSED [  2%]
tests/integration/test_core_background_trusted_return_adversarial_001.py::test_untrusted_handoff_never_adopts_wrong_bytes_or_identity[wrong_provider] PASSED [  2%]
tests/integration/test_core_background_trusted_return_adversarial_001.py::test_untrusted_handoff_never_adopts_wrong_bytes_or_identity[wrong_model] PASSED [  2%]
tests/integration/test_core_background_trusted_return_adversarial_001.py::test_untrusted_handoff_never_adopts_wrong_bytes_or_identity[wrong_request_id] PASSED [  3%]
tests/integration/test_core_background_trusted_return_adversarial_001.py::test_untrusted_handoff_never_adopts_wrong_bytes_or_identity[wrong_originating_request] PASSED [  3%]
tests/integration/test_core_background_trusted_return_adversarial_001.py::test_untrusted_handoff_never_adopts_wrong_bytes_or_identity[wrong_response_digest] PASSED [  4%]
tests/integration/test_core_background_trusted_return_adversarial_001.py::test_untrusted_handoff_never_adopts_wrong_bytes_or_identity[altered_payload] PASSED [  4%]
tests/integration/test_core_background_trusted_return_adversarial_001.py::test_untrusted_handoff_never_adopts_wrong_bytes_or_identity[duplicate_top_key] PASSED [  4%]
tests/integration/test_core_background_trusted_return_adversarial_001.py::test_untrusted_handoff_never_adopts_wrong_bytes_or_identity[duplicate_nested_key] PASSED [  5%]
tests/integration/test_core_background_trusted_return_adversarial_001.py::test_untrusted_handoff_never_adopts_wrong_bytes_or_identity[missing_handoff] PASSED [  5%]
tests/integration/test_core_background_trusted_return_adversarial_001.py::test_untrusted_handoff_never_adopts_wrong_bytes_or_identity[corrupt_handoff_digest] PASSED [  6%]
tests/integration/test_core_background_trusted_return_adversarial_001.py::test_untrusted_handoff_never_adopts_wrong_bytes_or_identity[corrupt_handoff_proof] PASSED [  6%]
tests/integration/test_core_background_trusted_return_adversarial_001.py::test_untrusted_handoff_never_adopts_wrong_bytes_or_identity[copied_handoff_from_round] PASSED [  6%]
tests/integration/test_core_background_trusted_return_adversarial_001.py::test_untrusted_handoff_never_adopts_wrong_bytes_or_identity[cross_work] PASSED [  7%]
tests/integration/test_core_background_trusted_return_adversarial_001.py::test_untrusted_handoff_never_adopts_wrong_bytes_or_identity[cross_work_kind] PASSED [  7%]
tests/integration/test_core_background_trusted_return_adversarial_001.py::test_untrusted_handoff_never_adopts_wrong_bytes_or_identity[cross_subject] PASSED [  8%]
tests/integration/test_core_background_trusted_return_adversarial_001.py::test_untrusted_handoff_never_adopts_wrong_bytes_or_identity[cross_round] PASSED [  8%]
tests/integration/test_core_background_trusted_return_adversarial_001.py::test_untrusted_handoff_never_adopts_wrong_bytes_or_identity[unknown_attempt_handoff] PASSED [  8%]
tests/integration/test_core_background_trusted_return_adversarial_001.py::test_untrusted_handoff_never_adopts_wrong_bytes_or_identity[missing_receipt] PASSED [  9%]
tests/integration/test_core_background_trusted_return_adversarial_001.py::test_untrusted_handoff_never_adopts_wrong_bytes_or_identity[invalid_receipt] PASSED [  9%]
tests/integration/test_core_background_trusted_return_adversarial_001.py::test_same_bytes_repeated_return_is_idempotent_but_conflicting_return_rejected PASSED [ 10%]
tests/integration/test_core_background_trusted_return_adversarial_001.py::test_return_before_dispatch_boundary_does_not_mint_evidence PASSED [ 10%]
tests/integration/test_core_background_trusted_return_adversarial_001.py::test_metered_valid_handoff_replay_does_not_duplicate_completion PASSED [ 10%]
tests/integration/test_core_background_trusted_return_adversarial_001.py::test_durable_output_before_outer_ack_only_completes_mechanical_receipt PASSED [ 11%]
tests/integration/test_core_background_trusted_return_adversarial_001.py::test_real_sigkill_after_later_round_trusted_handoff PASSED [ 11%]
tests/integration/test_core_background_trusted_return_r5_001.py::test_r5_a_metered_final_no_terminal_ack_exactly_once[user_turn] PASSED [ 12%]
tests/integration/test_core_background_trusted_return_r5_001.py::test_r5_a_metered_final_no_terminal_ack_exactly_once[wake] PASSED [ 12%]
tests/integration/test_core_background_trusted_return_r5_001.py::test_r5_a_metered_final_no_terminal_ack_exactly_once[periodic_review] PASSED [ 12%]
tests/integration/test_core_background_trusted_return_r5_001.py::test_r5_b_c_metered_capability_effect_and_replay[B-before-capability-user_turn] PASSED [ 13%]
tests/integration/test_core_background_trusted_return_r5_001.py::test_r5_b_c_metered_capability_effect_and_replay[B-before-capability-wake] PASSED [ 13%]
tests/integration/test_core_background_trusted_return_r5_001.py::test_r5_b_c_metered_capability_effect_and_replay[B-before-capability-periodic_review] PASSED [ 14%]
tests/integration/test_core_background_trusted_return_r5_001.py::test_r5_b_c_metered_capability_effect_and_replay[C-after-capability-user_turn] PASSED [ 14%]
tests/integration/test_core_background_trusted_return_r5_001.py::test_r5_b_c_metered_capability_effect_and_replay[C-after-capability-wake] PASSED [ 14%]
tests/integration/test_core_background_trusted_return_r5_001.py::test_r5_b_c_metered_capability_effect_and_replay[C-after-capability-periodic_review] PASSED [ 15%]
tests/integration/test_core_background_trusted_return_r5_001.py::test_r5_d_terminal_receipt_bypasses_all_runtime_replay[user_turn] PASSED [ 15%]
tests/integration/test_core_background_trusted_return_r5_001.py::test_r5_d_terminal_receipt_bypasses_all_runtime_replay[wake] PASSED [ 16%]
tests/integration/test_core_background_trusted_return_r5_conflicts_001.py::test_r5_c_forged_or_changed_handoff_fails_before_capability_replay[capability_args_same_call_id] PASSED [ 16%]
tests/integration/test_core_background_trusted_return_r5_conflicts_001.py::test_r5_c_forged_or_changed_handoff_fails_before_capability_replay[capability_call_id] PASSED [ 16%]
tests/integration/test_core_background_trusted_return_r5_conflicts_001.py::test_r5_c_forged_or_changed_handoff_fails_before_capability_replay[response_payload] PASSED [ 17%]
tests/integration/test_core_background_trusted_return_r5_conflicts_001.py::test_r5_c_forged_or_changed_handoff_fails_before_capability_replay[provider] PASSED [ 17%]
tests/integration/test_core_background_trusted_return_r5_conflicts_001.py::test_r5_c_forged_or_changed_handoff_fails_before_capability_replay[model] PASSED [ 18%]
tests/integration/test_core_background_trusted_return_r5_conflicts_001.py::test_r5_c_forged_or_changed_handoff_fails_before_capability_replay[request_id] PASSED [ 18%]
tests/integration/test_core_background_trusted_return_r5_conflicts_001.py::test_r5_c_forged_or_changed_handoff_fails_before_capability_replay[originating_request] PASSED [ 18%]
tests/integration/test_core_background_trusted_return_r5_conflicts_001.py::test_r5_c_forged_or_changed_handoff_fails_before_capability_replay[response_fingerprint] PASSED [ 19%]
tests/integration/test_core_background_trusted_return_r5_conflicts_001.py::test_r5_c_changed_world_payload_same_idempotency_identity_fails_closed PASSED [ 19%]
tests/integration/test_core_background_trusted_return_r5_conflicts_001.py::test_r5_c_altered_idempotency_key_cannot_duplicate_existing_task PASSED [ 20%]
tests/integration/test_core_background_trusted_return_r5_conflicts_001.py::test_r5_d_conflicting_terminal_delivery_and_stale_turn_input_fail_closed PASSED [ 20%]
tests/integration/test_core_background_trusted_return_r5_conflicts_001.py::test_r5_a_terminal_ack_operation_identity_is_stable[wake] PASSED [ 20%]
tests/integration/test_core_background_trusted_return_r5_conflicts_001.py::test_r5_a_terminal_ack_operation_identity_is_stable[periodic_review] PASSED [ 21%]
tests/integration/test_core_background_trusted_return_corrective_001_capability_replay.py::test_side_effecting_capability_inventory_is_fully_enumerated PASSED [ 21%]
tests/integration/test_core_background_trusted_return_corrective_001_capability_replay.py::test_exact_recovery_replay_converges_without_duplicate_durable_effect[commit_ai_world_claim] PASSED [ 22%]
tests/integration/test_core_background_trusted_return_corrective_001_capability_replay.py::test_exact_recovery_replay_converges_without_duplicate_durable_effect[commit_claim] PASSED [ 22%]
tests/integration/test_core_background_trusted_return_corrective_001_capability_replay.py::test_exact_recovery_replay_converges_without_duplicate_durable_effect[commit_operation_experience] PASSED [ 22%]
tests/integration/test_core_background_trusted_return_corrective_001_capability_replay.py::test_exact_recovery_replay_converges_without_duplicate_durable_effect[create_attention_watch] PASSED [ 23%]
tests/integration/test_core_background_trusted_return_corrective_001_capability_replay.py::test_exact_recovery_replay_converges_without_duplicate_durable_effect[create_task] PASSED [ 23%]
tests/integration/test_core_background_trusted_return_corrective_001_capability_replay.py::test_exact_recovery_replay_converges_without_duplicate_durable_effect[form_event] PASSED [ 24%]
tests/integration/test_core_background_trusted_return_corrective_001_capability_replay.py::test_exact_recovery_replay_converges_without_duplicate_durable_effect[propose_action] PASSED [ 24%]
tests/integration/test_core_background_trusted_return_corrective_001_capability_replay.py::test_exact_recovery_replay_converges_without_duplicate_durable_effect[propose_cognitive_policy] PASSED [ 25%]
tests/integration/test_core_background_trusted_return_corrective_001_capability_replay.py::test_exact_recovery_replay_converges_without_duplicate_durable_effect[propose_dimension] PASSED [ 25%]
tests/integration/test_core_background_trusted_return_corrective_001_capability_replay.py::test_exact_recovery_replay_converges_without_duplicate_durable_effect[propose_entity] PASSED [ 25%]
tests/integration/test_core_background_trusted_return_corrective_001_capability_replay.py::test_exact_recovery_replay_converges_without_duplicate_durable_effect[propose_goal] PASSED [ 26%]
tests/integration/test_core_background_trusted_return_corrective_001_capability_replay.py::test_exact_recovery_replay_converges_without_duplicate_durable_effect[record_communication_experience] PASSED [ 26%]
tests/integration/test_core_background_trusted_return_corrective_001_capability_replay.py::test_exact_recovery_replay_converges_without_duplicate_durable_effect[retract_claim] PASSED [ 27%]
tests/integration/test_core_background_trusted_return_corrective_001_capability_replay.py::test_exact_recovery_replay_converges_without_duplicate_durable_effect[revise_claim] PASSED [ 27%]
tests/integration/test_core_background_trusted_return_corrective_001_capability_replay.py::test_exact_recovery_replay_converges_without_duplicate_durable_effect[revise_entity] PASSED [ 27%]
tests/integration/test_core_background_trusted_return_corrective_001_capability_replay.py::test_exact_recovery_replay_converges_without_duplicate_durable_effect[rollback_cognitive_policy] PASSED [ 28%]
tests/integration/test_core_background_trusted_return_corrective_001_capability_replay.py::test_exact_recovery_replay_converges_without_duplicate_durable_effect[transition_dimension] PASSED [ 28%]
tests/integration/test_core_background_trusted_return_corrective_001_capability_replay.py::test_exact_recovery_replay_converges_without_duplicate_durable_effect[transition_event] PASSED [ 29%]
tests/integration/test_core_background_trusted_return_corrective_001_capability_replay.py::test_exact_recovery_replay_converges_without_duplicate_durable_effect[transition_goal] PASSED [ 29%]
tests/integration/test_core_background_trusted_return_corrective_001_capability_replay.py::test_exact_recovery_replay_converges_without_duplicate_durable_effect[transition_task] PASSED [ 29%]
tests/integration/test_core_background_trusted_return_corrective_001_capability_replay.py::test_exact_recovery_replay_converges_without_duplicate_durable_effect[update_cognitive_policy] PASSED [ 30%]
tests/integration/test_core_background_trusted_return_corrective_001_capability_replay.py::test_exact_recovery_replay_converges_without_duplicate_durable_effect[upsert_relation] PASSED [ 30%]
tests/integration/test_core_background_trusted_return_corrective_001_capability_replay.py::test_changed_request_under_same_key_fails_closed[create_attention_watch] PASSED [ 31%]
tests/integration/test_core_background_trusted_return_corrective_001_capability_replay.py::test_changed_request_under_same_key_fails_closed[create_task] PASSED [ 31%]
tests/integration/test_core_background_trusted_return_corrective_001_capability_replay.py::test_changed_request_under_same_key_fails_closed[form_event] PASSED [ 31%]
tests/integration/test_core_background_trusted_return_corrective_001_capability_replay.py::test_changed_request_under_same_key_fails_closed[propose_action] PASSED [ 32%]
tests/integration/test_core_background_trusted_return_corrective_001_capability_replay.py::test_changed_request_under_same_key_fails_closed[propose_cognitive_policy] PASSED [ 32%]
tests/integration/test_core_background_trusted_return_corrective_001_capability_replay.py::test_changed_request_under_same_key_fails_closed[propose_dimension] PASSED [ 33%]
tests/integration/test_core_background_trusted_return_corrective_001_capability_replay.py::test_changed_request_under_same_key_fails_closed[propose_entity] PASSED [ 33%]
tests/integration/test_core_background_trusted_return_corrective_001_capability_replay.py::test_changed_request_under_same_key_fails_closed[propose_goal] PASSED [ 33%]
tests/integration/test_core_background_trusted_return_corrective_001_capability_replay.py::test_changed_request_under_same_key_fails_closed[record_communication_experience] PASSED [ 34%]
tests/integration/test_core_background_trusted_return_corrective_001_capability_replay.py::test_changed_request_under_same_key_fails_closed[retract_claim] PASSED [ 34%]
tests/integration/test_core_background_trusted_return_corrective_001_capability_replay.py::test_changed_request_under_same_key_fails_closed[revise_claim] PASSED [ 35%]
tests/integration/test_core_background_trusted_return_corrective_001_capability_replay.py::test_changed_request_under_same_key_fails_closed[revise_entity] PASSED [ 35%]
tests/integration/test_core_background_trusted_return_corrective_001_capability_replay.py::test_changed_request_under_same_key_fails_closed[transition_dimension] PASSED [ 35%]
tests/integration/test_core_background_trusted_return_corrective_001_capability_replay.py::test_changed_request_under_same_key_fails_closed[transition_event] PASSED [ 36%]
tests/integration/test_core_background_trusted_return_corrective_001_capability_replay.py::test_changed_request_under_same_key_fails_closed[transition_goal] PASSED [ 36%]
tests/integration/test_core_background_trusted_return_corrective_001_capability_replay.py::test_changed_request_under_same_key_fails_closed[transition_task] PASSED [ 37%]
tests/integration/test_core_background_trusted_return_corrective_001_capability_replay.py::test_identity_changing_request_is_never_conflated_with_the_original[commit_ai_world_claim] PASSED [ 37%]
tests/integration/test_core_background_trusted_return_corrective_001_capability_replay.py::test_identity_changing_request_is_never_conflated_with_the_original[commit_claim] PASSED [ 37%]
tests/integration/test_core_background_trusted_return_corrective_001_capability_replay.py::test_identity_changing_request_is_never_conflated_with_the_original[commit_operation_experience] PASSED [ 38%]
tests/integration/test_core_background_trusted_return_corrective_001_capability_replay.py::test_identity_changing_request_is_never_conflated_with_the_original[create_attention_watch] PASSED [ 38%]
tests/integration/test_core_background_trusted_return_corrective_001_capability_replay.py::test_identity_changing_request_is_never_conflated_with_the_original[create_task] PASSED [ 39%]
tests/integration/test_core_background_trusted_return_corrective_001_capability_replay.py::test_identity_changing_request_is_never_conflated_with_the_original[form_event] PASSED [ 39%]
tests/integration/test_core_background_trusted_return_corrective_001_capability_replay.py::test_identity_changing_request_is_never_conflated_with_the_original[propose_action] PASSED [ 39%]
tests/integration/test_core_background_trusted_return_corrective_001_capability_replay.py::test_identity_changing_request_is_never_conflated_with_the_original[propose_cognitive_policy] PASSED [ 40%]
tests/integration/test_core_background_trusted_return_corrective_001_capability_replay.py::test_identity_changing_request_is_never_conflated_with_the_original[propose_dimension] PASSED [ 40%]
tests/integration/test_core_background_trusted_return_corrective_001_capability_replay.py::test_identity_changing_request_is_never_conflated_with_the_original[propose_entity] PASSED [ 41%]
tests/integration/test_core_background_trusted_return_corrective_001_capability_replay.py::test_identity_changing_request_is_never_conflated_with_the_original[propose_goal] PASSED [ 41%]
tests/integration/test_core_background_trusted_return_corrective_001_capability_replay.py::test_identity_changing_request_is_never_conflated_with_the_original[record_communication_experience] PASSED [ 41%]
tests/integration/test_core_background_trusted_return_corrective_001_capability_replay.py::test_identity_changing_request_is_never_conflated_with_the_original[retract_claim] PASSED [ 42%]
tests/integration/test_core_background_trusted_return_corrective_001_capability_replay.py::test_identity_changing_request_is_never_conflated_with_the_original[revise_claim] PASSED [ 42%]
tests/integration/test_core_background_trusted_return_corrective_001_capability_replay.py::test_identity_changing_request_is_never_conflated_with_the_original[revise_entity] PASSED [ 43%]
tests/integration/test_core_background_trusted_return_corrective_001_capability_replay.py::test_identity_changing_request_is_never_conflated_with_the_original[rollback_cognitive_policy] PASSED [ 43%]
tests/integration/test_core_background_trusted_return_corrective_001_capability_replay.py::test_identity_changing_request_is_never_conflated_with_the_original[transition_dimension] PASSED [ 43%]
tests/integration/test_core_background_trusted_return_corrective_001_capability_replay.py::test_identity_changing_request_is_never_conflated_with_the_original[transition_event] PASSED [ 44%]
tests/integration/test_core_background_trusted_return_corrective_001_capability_replay.py::test_identity_changing_request_is_never_conflated_with_the_original[transition_goal] PASSED [ 44%]
tests/integration/test_core_background_trusted_return_corrective_001_capability_replay.py::test_identity_changing_request_is_never_conflated_with_the_original[transition_task] PASSED [ 45%]
tests/integration/test_core_background_trusted_return_corrective_001_capability_replay.py::test_identity_changing_request_is_never_conflated_with_the_original[update_cognitive_policy] PASSED [ 45%]
tests/integration/test_core_background_trusted_return_corrective_001_capability_replay.py::test_identity_changing_request_is_never_conflated_with_the_original[upsert_relation] PASSED [ 45%]
tests/integration/test_core_background_trusted_return_corrective_001_capability_replay.py::test_changed_arguments_under_the_same_call_id_are_never_applied_as_the_original[commit_ai_world_claim] PASSED [ 46%]
tests/integration/test_core_background_trusted_return_corrective_001_capability_replay.py::test_changed_arguments_under_the_same_call_id_are_never_applied_as_the_original[commit_claim] PASSED [ 46%]
tests/integration/test_core_background_trusted_return_corrective_001_capability_replay.py::test_changed_arguments_under_the_same_call_id_are_never_applied_as_the_original[commit_operation_experience] PASSED [ 47%]
tests/integration/test_core_background_trusted_return_corrective_001_capability_replay.py::test_changed_arguments_under_the_same_call_id_are_never_applied_as_the_original[create_attention_watch] PASSED [ 47%]
tests/integration/test_core_background_trusted_return_corrective_001_capability_replay.py::test_changed_arguments_under_the_same_call_id_are_never_applied_as_the_original[create_task] PASSED [ 47%]
tests/integration/test_core_background_trusted_return_corrective_001_capability_replay.py::test_changed_arguments_under_the_same_call_id_are_never_applied_as_the_original[form_event] PASSED [ 48%]
tests/integration/test_core_background_trusted_return_corrective_001_capability_replay.py::test_changed_arguments_under_the_same_call_id_are_never_applied_as_the_original[propose_action] PASSED [ 48%]
tests/integration/test_core_background_trusted_return_corrective_001_capability_replay.py::test_changed_arguments_under_the_same_call_id_are_never_applied_as_the_original[propose_cognitive_policy] PASSED [ 49%]
tests/integration/test_core_background_trusted_return_corrective_001_capability_replay.py::test_changed_arguments_under_the_same_call_id_are_never_applied_as_the_original[propose_dimension] PASSED [ 49%]
tests/integration/test_core_background_trusted_return_corrective_001_capability_replay.py::test_changed_arguments_under_the_same_call_id_are_never_applied_as_the_original[propose_entity] PASSED [ 50%]
tests/integration/test_core_background_trusted_return_corrective_001_capability_replay.py::test_changed_arguments_under_the_same_call_id_are_never_applied_as_the_original[propose_goal] PASSED [ 50%]
tests/integration/test_core_background_trusted_return_corrective_001_capability_replay.py::test_changed_arguments_under_the_same_call_id_are_never_applied_as_the_original[record_communication_experience] PASSED [ 50%]
tests/integration/test_core_background_trusted_return_corrective_001_capability_replay.py::test_changed_arguments_under_the_same_call_id_are_never_applied_as_the_original[retract_claim] PASSED [ 51%]
tests/integration/test_core_background_trusted_return_corrective_001_capability_replay.py::test_changed_arguments_under_the_same_call_id_are_never_applied_as_the_original[revise_claim] PASSED [ 51%]
tests/integration/test_core_background_trusted_return_corrective_001_capability_replay.py::test_changed_arguments_under_the_same_call_id_are_never_applied_as_the_original[revise_entity] PASSED [ 52%]
tests/integration/test_core_background_trusted_return_corrective_001_capability_replay.py::test_changed_arguments_under_the_same_call_id_are_never_applied_as_the_original[rollback_cognitive_policy] PASSED [ 52%]
tests/integration/test_core_background_trusted_return_corrective_001_capability_replay.py::test_changed_arguments_under_the_same_call_id_are_never_applied_as_the_original[transition_dimension] PASSED [ 52%]
tests/integration/test_core_background_trusted_return_corrective_001_capability_replay.py::test_changed_arguments_under_the_same_call_id_are_never_applied_as_the_original[transition_event] PASSED [ 53%]
tests/integration/test_core_background_trusted_return_corrective_001_capability_replay.py::test_changed_arguments_under_the_same_call_id_are_never_applied_as_the_original[transition_goal] PASSED [ 53%]
tests/integration/test_core_background_trusted_return_corrective_001_capability_replay.py::test_changed_arguments_under_the_same_call_id_are_never_applied_as_the_original[transition_task] PASSED [ 54%]
tests/integration/test_core_background_trusted_return_corrective_001_capability_replay.py::test_changed_arguments_under_the_same_call_id_are_never_applied_as_the_original[update_cognitive_policy] PASSED [ 54%]
tests/integration/test_core_background_trusted_return_corrective_001_capability_replay.py::test_changed_arguments_under_the_same_call_id_are_never_applied_as_the_original[upsert_relation] PASSED [ 54%]
tests/integration/test_core_background_trusted_return_corrective_001_store_fail_closed.py::test_identical_request_replays_the_original_durable_result PASSED [ 55%]
tests/integration/test_core_background_trusted_return_corrective_001_store_fail_closed.py::test_replay_exact_operation_is_read_only_when_the_key_is_unused PASSED [ 55%]
tests/integration/test_core_background_trusted_return_corrective_001_store_fail_closed.py::test_changed_request_under_an_existing_key_fails_closed PASSED [ 56%]
tests/integration/test_core_background_trusted_return_corrective_001_store_fail_closed.py::test_changed_request_fails_closed_through_commit_too PASSED [ 56%]
tests/integration/test_core_background_trusted_return_corrective_001_store_fail_closed.py::test_replay_never_persists_caller_supplied_objects PASSED [ 56%]
tests/integration/test_core_background_trusted_return_corrective_001_store_fail_closed.py::test_changed_objects_under_an_existing_key_fail_closed_at_commit PASSED [ 57%]
tests/integration/test_core_background_trusted_return_corrective_001_store_fail_closed.py::test_operation_idempotency_skew_fails_closed PASSED [ 57%]
tests/integration/test_core_background_trusted_return_corrective_001_store_fail_closed.py::test_missing_idempotency_record_fails_closed PASSED [ 58%]
tests/integration/test_core_background_trusted_return_corrective_001_store_fail_closed.py::test_corrupt_idempotency_result_fails_closed PASSED [ 58%]
tests/integration/test_core_background_trusted_return_corrective_001_store_fail_closed.py::test_idempotency_result_that_is_not_a_commit_result_fails_closed PASSED [ 58%]
tests/integration/test_core_background_trusted_return_corrective_001_store_fail_closed.py::test_missing_committed_object_revision_fails_closed PASSED [ 59%]
tests/integration/test_core_background_trusted_return_corrective_001_store_fail_closed.py::test_transplanted_object_payload_fails_closed PASSED [ 59%]
tests/integration/test_core_background_trusted_return_corrective_001_store_fail_closed.py::test_reused_operation_id_under_another_key_fails_closed PASSED [ 60%]
tests/integration/test_core_background_trusted_return_corrective_001_store_fail_closed.py::test_reused_idempotency_key_under_another_operation_fails_closed PASSED [ 60%]
tests/integration/test_core_background_trusted_return_corrective_001_store_fail_closed.py::test_invalid_idempotency_key_fails_closed PASSED [ 60%]
tests/integration/test_core_background_trusted_return_corrective_001_store_fail_closed.py::test_unrelated_later_world_revision_does_not_break_exact_replay PASSED [ 61%]
tests/integration/test_core_background_trusted_return_corrective_001_store_fail_closed.py::test_replay_returns_the_originally_committed_object_revision PASSED [ 61%]
tests/integration/test_core_background_trusted_return_corrective_001_process_loss.py::test_process_sigkill_after_revise_claim_replays_exactly_once PASSED [ 62%]
tests/integration/test_core_background_trusted_return_corrective_001_process_loss.py::test_process_sigkill_after_transition_goal_replays_exactly_once PASSED [ 62%]
tests/integration/test_core_background_trusted_return_corrective_001_process_loss.py::test_process_sigkill_after_form_event_replays_exactly_once PASSED [ 62%]
tests/integration/test_core_background_response_recovery_001.py::test_case_01_crash_after_dispatch_without_exact_response_stays_in_doubt PASSED [ 63%]
tests/integration/test_core_background_response_recovery_001.py::test_case_02_exact_response_recovery_never_redispatches_the_provider PASSED [ 63%]
tests/integration/test_core_background_response_recovery_001.py::test_case_03_wrong_fingerprint_is_rejected_and_stays_fail_closed PASSED [ 64%]
tests/integration/test_core_background_response_recovery_001.py::test_case_04_supplied_identity_must_match_the_exact_directive[provider-other-provider] PASSED [ 64%]
tests/integration/test_core_background_response_recovery_001.py::test_case_04_supplied_identity_must_match_the_exact_directive[model-other-model] PASSED [ 64%]
tests/integration/test_core_background_response_recovery_001.py::test_case_04_supplied_identity_must_match_the_exact_directive[provider_request_id-other-request-id] PASSED [ 65%]
tests/integration/test_core_background_response_recovery_001.py::test_case_04b_exact_response_requires_a_full_provider_identity PASSED [ 65%]
tests/integration/test_core_background_response_recovery_001.py::test_case_04c_staged_bytes_must_match_durable_attempt_provenance PASSED [ 66%]
tests/integration/test_core_background_response_recovery_001.py::test_case_05_reconciled_response_survives_process_death_before_application PASSED [ 66%]
tests/integration/test_core_background_response_recovery_001.py::test_case_05b_response_recorded_before_meter_resumes_from_exact_bytes PASSED [ 66%]
tests/integration/test_core_background_response_recovery_001.py::test_case_06_crash_during_capability_application_replays_exactly_once PASSED [ 67%]
tests/integration/test_core_background_response_recovery_001.py::test_case_07_crash_after_capability_before_next_round_resumes_only_that_round PASSED [ 67%]
tests/integration/test_core_background_response_recovery_001.py::test_case_08_crash_after_terminal_silence_before_completion_marker PASSED [ 68%]
tests/integration/test_core_background_response_recovery_001.py::test_case_09_repeated_recovery_never_duplicates_state PASSED [ 68%]
tests/integration/test_core_background_response_recovery_001.py::test_metered_attempt_without_exact_bytes_stays_blocked PASSED [ 68%]
tests/integration/test_core_background_response_recovery_001.py::test_no_exact_response_can_be_staged_for_a_call_that_never_reached_provider PASSED [ 69%]
tests/integration/test_core_background_response_recovery_001.py::test_malformed_exact_payloads_are_rejected_without_defaults[not json at all] PASSED [ 69%]
tests/integration/test_core_background_response_recovery_001.py::test_malformed_exact_payloads_are_rejected_without_defaults[{"response": "x", "silence": true}] PASSED [ 70%]
tests/integration/test_core_background_response_recovery_001.py::test_malformed_exact_payloads_are_rejected_without_defaults[{"capability_calls": [], "response": null, "silence": true, "usage": null, "provenance": null, "unexpected": 1}] PASSED [ 70%]
tests/integration/test_core_background_response_recovery_001.py::test_malformed_exact_payloads_are_rejected_without_defaults[{"capability_calls": [], "response": "x", "silence": true, "usage": null, "provenance": null}] PASSED [ 70%]
tests/integration/test_core_background_response_recovery_001.py::test_malformed_exact_payloads_are_rejected_without_defaults[{"capability_calls": [], "response": null, "silence": false, "usage": null, "provenance": null}] PASSED [ 71%]
tests/integration/test_core_background_response_recovery_001.py::test_tampered_staged_bytes_fail_closed_before_application PASSED [ 71%]
tests/integration/test_core_background_response_recovery_001.py::test_periodic_review_exact_response_recovery_is_zero_provider_call PASSED [ 72%]
tests/integration/test_core_background_response_recovery_001.py::test_user_turn_exact_response_recovery_is_exactly_once PASSED [ 72%]
tests/integration/test_core_background_response_recovery_001.py::test_case_10_normal_path_and_not_submitted_retry_regression PASSED [ 72%]
tests/integration/test_core_background_response_recovery_001_corrective_001.py::test_blk001_cross_work_transplant_rejected_before_provenance_rewrite PASSED [ 73%]
tests/integration/test_core_background_response_recovery_001_corrective_001.py::test_blk001_copied_token_with_copied_response_still_rejected PASSED [ 73%]
tests/integration/test_core_background_response_recovery_001_corrective_001.py::test_blk001_wake_to_periodic_review_transplant_rejected PASSED [ 74%]
tests/integration/test_core_background_response_recovery_001_corrective_001.py::test_blk001_periodic_review_to_user_turn_transplant_rejected PASSED [ 74%]
tests/integration/test_core_background_response_recovery_001_corrective_001.py::test_blk001_cross_subject_transplant_rejected PASSED [ 75%]
tests/integration/test_core_background_response_recovery_001_corrective_001.py::test_blk001_cross_round_transplant_rejected PASSED [ 75%]
tests/integration/test_core_background_response_recovery_001_corrective_001.py::test_blk001_identical_provider_model_transplant_rejected PASSED [ 75%]
tests/integration/test_core_background_response_recovery_001_corrective_001.py::test_blk002_duplicate_json_keys_rejected_before_semantic_construction[top-level-response-<lambda>-req-dup] PASSED [ 76%]
tests/integration/test_core_background_response_recovery_001_corrective_001.py::test_blk002_duplicate_json_keys_rejected_before_semantic_construction[top-level-silence-<lambda>-req-dup] PASSED [ 76%]
tests/integration/test_core_background_response_recovery_001_corrective_001.py::test_blk002_duplicate_json_keys_rejected_before_semantic_construction[top-level-capability-calls-<lambda>-req-dup] PASSED [ 77%]
tests/integration/test_core_background_response_recovery_001_corrective_001.py::test_blk002_duplicate_json_keys_rejected_before_semantic_construction[nested-usage-request-id-<lambda>-req-dup] PASSED [ 77%]
tests/integration/test_core_background_response_recovery_001_corrective_001.py::test_blk002_duplicate_json_keys_rejected_before_semantic_construction[nested-provenance-provider-<lambda>-req-dup] PASSED [ 77%]
tests/integration/test_core_background_response_recovery_001_corrective_001.py::test_blk002_duplicate_json_keys_rejected_before_semantic_construction[capability-call-name-<lambda>-req-dup] PASSED [ 78%]
tests/integration/test_core_background_response_recovery_001_corrective_001.py::test_blk002_duplicate_json_keys_rejected_before_semantic_construction[nested-capability-arguments-<lambda>-req-dup] PASSED [ 78%]
tests/integration/test_core_background_response_recovery_001_corrective_001.py::test_blk001_binding_is_durable_before_provider_handler_runs PASSED [ 79%]
tests/integration/test_core_background_response_recovery_001_corrective_001.py::test_blk001_same_attempt_correct_binding_recovers_with_zero_provider_calls PASSED [ 79%]
tests/integration/test_core_background_response_recovery_001_corrective_001.py::test_process_sigkill_after_exact_response_staged_recovers_with_zero_provider_calls PASSED [ 79%]
tests/integration/test_core_background_response_recovery_001_corrective_001.py::test_process_sigkill_after_capability_side_effect_replays_exactly_once PASSED [ 80%]
tests/integration/test_core_background_response_recovery_001_corrective_002_authenticity.py::test_auth_a_no_provider_response_known_relay_id_cannot_forge_capability PASSED [ 80%]
tests/integration/test_core_background_response_recovery_001_corrective_002_authenticity.py::test_auth_b_no_provider_response_known_relay_id_cannot_forge_assistant_response PASSED [ 81%]
tests/integration/test_core_background_response_recovery_001_corrective_002_authenticity.py::test_auth_c_no_provider_response_known_relay_id_cannot_forge_silence PASSED [ 81%]
tests/integration/test_core_background_response_recovery_001_corrective_002_authenticity.py::test_auth_d_modified_real_response_with_recomputed_fingerprint_is_rejected PASSED [ 81%]
tests/integration/test_core_background_response_recovery_001_corrective_002_authenticity.py::test_auth_e_proof_a_cannot_be_replayed_to_attempt_b PASSED [ 82%]
tests/integration/test_core_background_response_recovery_001_corrective_002_authenticity.py::test_auth_f_proof_cannot_be_replayed_across_work_kind PASSED [ 82%]
tests/integration/test_core_background_response_recovery_001_corrective_002_authenticity.py::test_auth_g_proof_cannot_be_replayed_across_subject PASSED [ 83%]
tests/integration/test_core_background_response_recovery_001_corrective_002_authenticity.py::test_auth_h_proof_cannot_be_replayed_from_round_n_to_round_m PASSED [ 83%]
tests/integration/test_core_background_response_recovery_001_corrective_002_authenticity.py::test_auth_i_copied_proof_with_metadata_tamper_is_rejected[provider] PASSED [ 83%]
tests/integration/test_core_background_response_recovery_001_corrective_002_authenticity.py::test_auth_i_copied_proof_with_metadata_tamper_is_rejected[model] PASSED [ 84%]
tests/integration/test_core_background_response_recovery_001_corrective_002_authenticity.py::test_auth_i_copied_proof_with_metadata_tamper_is_rejected[request_id] PASSED [ 84%]
tests/integration/test_core_background_response_recovery_001_corrective_002_authenticity.py::test_auth_j_missing_authenticity_proof_fails_closed PASSED [ 85%]
tests/integration/test_core_background_response_recovery_001_corrective_002_recovery.py::test_receipt_is_durable_before_response_recording_and_recovers_after_restart PASSED [ 85%]
tests/integration/test_core_background_response_recovery_001_corrective_002_recovery.py::test_actual_sigkill_after_receipt_commit_recovers_without_provider_redispatch PASSED [ 85%]
tests/integration/test_core_background_response_recovery_001_corrective_002_recovery.py::test_tampered_return_bundle_is_rejected_before_provenance_or_metering[proof] PASSED [ 86%]
tests/integration/test_core_background_response_recovery_001_corrective_002_recovery.py::test_tampered_return_bundle_is_rejected_before_provenance_or_metering[payload] PASSED [ 86%]
tests/integration/test_core_background_response_recovery_001_corrective_002_recovery.py::test_tampered_return_bundle_is_rejected_before_provenance_or_metering[provider] PASSED [ 87%]
tests/integration/test_core_background_response_recovery_001_corrective_002_recovery.py::test_tampered_return_bundle_is_rejected_before_provenance_or_metering[model] PASSED [ 87%]
tests/integration/test_core_background_response_recovery_001_corrective_002_recovery.py::test_tampered_return_bundle_is_rejected_before_provenance_or_metering[provider_request_id] PASSED [ 87%]
tests/integration/test_core_background_response_recovery_001_corrective_002_recovery.py::test_durable_proof_is_reverified_before_recovered_response_application[staged-proof] PASSED [ 88%]
tests/integration/test_core_background_response_recovery_001_corrective_002_recovery.py::test_durable_proof_is_reverified_before_recovered_response_application[receipt-payload] PASSED [ 88%]
tests/integration/test_core_gap_fix_002_background_attempts.py::test_wake_ambiguous_failure_is_in_doubt_and_restart_does_not_reinvoke_provider PASSED [ 89%]
tests/integration/test_core_gap_fix_002_background_attempts.py::test_periodic_review_ambiguous_failure_is_in_doubt_and_restart_does_not_reinvoke_provider PASSED [ 89%]
tests/integration/test_core_gap_fix_002_background_attempts.py::test_crash_before_dispatch_keeps_admitted_attempt_safe_to_retry_on_restart PASSED [ 89%]
tests/integration/test_core_gap_fix_002_background_attempts.py::test_definitely_not_submitted_can_retry_same_attempt_identity PASSED [ 90%]
tests/integration/test_core_gap_fix_002_background_attempts.py::test_wake_response_is_durable_before_meter_and_restart_blocks_reinvocation PASSED [ 90%]
tests/integration/test_core_gap_fix_002_background_attempts.py::test_wake_metered_before_completion_stays_blocked_without_synthetic_success PASSED [ 91%]
tests/integration/test_core_gap_fix_002_background_attempts.py::test_periodic_review_response_before_meter_and_meter_before_completion_are_fail_closed PASSED [ 91%]
tests/integration/test_core_gap_fix_002_background_attempts.py::test_budget_rollover_does_not_erase_in_doubt PASSED [ 91%]
tests/integration/test_core_gap_fix_002_background_attempts.py::test_normal_successful_wake_and_review_close_attempts_as_metered PASSED [ 92%]
tests/runtime/test_background_model_attempt.py::test_background_attempt_reconciliation_keeps_same_identity_and_non_world_revision PASSED [ 92%]
tests/runtime/test_background_model_attempt.py::test_trusted_receipt_proof_cannot_replay_across_bound_identity[cross-work-and-attempt] PASSED [ 93%]
tests/runtime/test_background_model_attempt.py::test_trusted_receipt_proof_cannot_replay_across_bound_identity[cross-work-kind] PASSED [ 93%]
tests/runtime/test_background_model_attempt.py::test_trusted_receipt_proof_cannot_replay_across_bound_identity[cross-subject] PASSED [ 93%]
tests/runtime/test_background_model_attempt.py::test_trusted_receipt_proof_cannot_replay_across_bound_identity[cross-round] PASSED [ 94%]
tests/runtime/test_background_model_attempt.py::test_metadata_only_reconciliation_cannot_bypass_authenticity PASSED [ 94%]
tests/runtime/test_cognitive_runtime_trusted_return.py::test_trusted_return_authentication_precedes_response_and_usage_recording PASSED [ 95%]
tests/runtime/test_cognitive_runtime_trusted_return.py::test_authentication_failure_prevents_every_downstream_callback_and_output PASSED [ 95%]
tests/runtime/test_turn_execution_recovery.py::test_cg003_claim_to_attempt_crash_is_repeatably_recoverable PASSED [ 95%]
tests/runtime/test_turn_execution_recovery.py::test_cg003_legacy_and_old_v1_zero_attempt_rows_remain_in_doubt PASSED [ 96%]
tests/runtime/test_turn_execution_recovery.py::test_cg003_pre_model_failure_is_durably_proven_not_dispatched PASSED [ 96%]
tests/runtime/test_turn_execution_recovery.py::test_cg003_known_not_submitted_requires_explicit_retry_authorization PASSED [ 97%]
tests/runtime/test_turn_execution_recovery.py::test_cg003_ambiguous_provider_interruption_stays_in_doubt_across_restart PASSED [ 97%]
tests/runtime/test_turn_execution_recovery.py::test_cg003_reconciled_not_submitted_attempt_can_be_authorized_after_restart PASSED [ 97%]
tests/runtime/test_turn_execution_recovery.py::test_cg003_response_provenance_durable_but_later_meter_failure_is_not_retryable PASSED [ 98%]
tests/runtime/test_turn_execution_recovery.py::test_cg003_assistant_output_persistence_failure_remains_in_doubt PASSED [ 98%]
tests/runtime/test_turn_execution_recovery.py::test_cg003_durable_assistant_output_recovers_completion_without_model_reinvoke PASSED [ 99%]
tests/runtime/test_turn_execution_recovery.py::test_cg003_conflicting_input_remains_fail_closed_during_recovery PASSED [ 99%]
tests/runtime/test_turn_execution_recovery.py::test_cg003_background_attempt_schema_upgrade_preserves_fix002_semantics PASSED [100%]

============================= 248 passed in 29.34s =============================
